
> frontend@0.0.0 build
> vite build

[36mvite v7.3.1 [32mbuilding client environment for production...[36m[39m
transforming...
[32mΓ£ô[39m 3 modules transformed.
node.exe : [31mΓ£ù[39m 
Build failed in 1.43s
At line:1 char:1
+ & "C:\Program 
Files\nodejs/node.exe" "C:\U
sers\DELL\AppData\Roaming\n 
...
+ ~~~~~~~~~~~~~~~~~~~~~~~~~~
~~~~~~~~~~~~~~~~~~~~~~~~~~~~
~~~~~~~~~~~~~~~
    + CategoryInfo          
    : NotSpecified: ([31m  
  Γ£ù[39m Build failed i   
 n 1.43s:String) [], Rem    
oteException
    + FullyQualifiedErrorId 
    : NativeCommandError
 
[31merror during build:
[31m[vite:css] [postcss] 
It looks like you're trying 
to use `tailwindcss` 
directly as a PostCSS 
plugin. The PostCSS plugin 
has moved to a separate 
package, so to continue 
using Tailwind CSS with 
PostCSS you'll need to 
install 
`@tailwindcss/postcss` and 
update your PostCSS 
configuration.[31m
file: [36mC:/Users/DELL/Pro
jects/rag-document-analyzer/
frontend/src/index.css:undef
ined:NaN[31m
    at lt (C:\Users\DELL\Pro
jects\rag-document-analyzer\
frontend\node_modules\tailwi
ndcss\dist\lib.js:38:1643)
    at LazyResult.runOnRoot 
(C:\Users\DELL\Projects\rag-
document-analyzer\frontend\n
ode_modules\postcss\lib\lazy
-result.js:361:16)
    at LazyResult.runAsync (
C:\Users\DELL\Projects\rag-d
ocument-analyzer\frontend\no
de_modules\postcss\lib\lazy-
result.js:290:26)
    at LazyResult.async (C:\
Users\DELL\Projects\rag-docu
ment-analyzer\frontend\node_
modules\postcss\lib\lazy-res
ult.js:192:30)
    at LazyResult.then (C:\U
sers\DELL\Projects\rag-docum
ent-analyzer\frontend\node_m
odules\postcss\lib\lazy-resu
lt.js:436:17)[39m
